[dsflip] libdsflip 1.3-dev
[dsflip] DSI-1 conn 72 crtc 69 -> bottom
[dsflip] DSI-2 conn 74 crtc 70 -> top
[dsflip] menu scaling: hardware
[dsflip] toast plane: 45
[dsflip] pacing: latch (adaptive), 1-frame queue
[shader] "lcd1x-nds-color" from libdrastouch, EGL 1.5 (/usr/lib/mali/libEGL, default display)
[dsflip] scheduling: normal
[dsflip] cpus: not pinned; shader input: upload from memory
[dsflip] ready: top plane 39, bottom plane 33
[dsflip] touch /dev/input/event2 range 640x480
[mic] off (ES: microphone sensitivity)
[audio] pump: 44100 Hz, DraStic's callback every 256 samples (5.80 ms), ring target 1536 (34.8 ms), output ALSA default
[dsflip] screen texture 0x55b92f76f0 256x192 -> 6 memory buffers 256x192
[dsflip] screen texture 0x55b94c2e50 256x192 -> 6 memory buffers 256x192
[dsflip] screen texture 0x55b94c2e50 512x384 -> 6 memory buffers 512x384
[dsflip] screen texture 0x55b92f76f0 512x384 -> 6 memory buffers 512x384
[dsflip] present/s=39.6 commits=21 dropped=0 busy=0 flips top=21 bot=20 max-iv top=16712 bot=16723 us touch=0 drop-src=0 drop-q=0 drop-buf=0
[ra] logged in as jorresnorre
[dsflip] present/s=58.9 commits=60 dropped=0 busy=0 flips top=59 bot=61 max-iv top=33355 bot=16730 us touch=0 drop-src=0 drop-q=0 drop-buf=0
