[dsflip] libdsflip 1.3-dev
[dsflip] DSI-1 conn 72 crtc 69 -> bottom
[dsflip] DSI-2 conn 74 crtc 70 -> top
[dsflip] menu scaling: hardware
[dsflip] toast plane: 45
[dsflip] pacing: latch (adaptive), 1-frame queue
[shader] "lcd1x-nds-color" from libdrastouch, EGL 1.5 (/usr/lib/mali/libEGL, default display)
[dsflip] scheduling: normal
[dsflip] cpus: not pinned; shader input: upload from memory
[dsflip] ready: top plane 39, bottom plane 33
[dsflip] touch /dev/input/event2 range 640x480
[mic] off (ES: microphone sensitivity)
[audio] pump: 44100 Hz, DraStic's callback every 256 samples (5.80 ms), ring target 1536 (34.8 ms), output ALSA default
[dsflip] screen texture 0x55c31a76f0 256x192 -> 6 memory buffers 256x192
[dsflip] screen texture 0x55c3372e50 256x192 -> 6 memory buffers 256x192
[dsflip] screen texture 0x55c3372e50 512x384 -> 6 memory buffers 512x384
[dsflip] screen texture 0x55c31a76f0 512x384 -> 6 memory buffers 512x384
[dsflip] present/s=27.7 commits=10 dropped=0 busy=0 flips top=9 bot=10 max-iv top=16724 bot=16722 us touch=0 drop-src=0 drop-q=0 drop-buf=0
[ra] logged in as jorresnorre
[dsflip] present/s=59.9 commits=61 dropped=0 busy=0 flips top=61 bot=60 max-iv top=16775 bot=16738 us touch=0 drop-src=0 drop-q=0 drop-buf=0
